src/data/seed.ts(437,5): error TS2353: Object literal may only specify known properties, and 'headerText' does not exist in type 'TicketSettings'.
src/data/seed.ts(580,5): error TS2739: Type '{ useReceptionDesk: true; verificationMethod: string[]; maskResidentNumber: true; allowUnpaidTicket: false; unpaidMemo: string; autoRegistrationConditions: string; manualCheckConditions: string; exceptionMemo: string; }' is missing the following properties from type 'WorkflowSettings': useAutoRegistration, exceptions
src/main.tsx(5,8): error TS2882: Cannot find module or type declarations for side-effect import of './index.css'.
src/pages/Step01Drawing.tsx(50,40): error TS2307: Cannot find module 'pdfjs-dist/build/pdf.worker.mjs?url' or its corresponding type declarations.
src/pages/Step01Drawing.tsx(59,21): error TS2345: Argument of type '{ canvasContext: CanvasRenderingContext2D; viewport: PageViewport; }' is not assignable to parameter of type 'RenderParameters'.
  Property 'canvas' is missing in type '{ canvasContext: CanvasRenderingContext2D; viewport: PageViewport; }' but required in type 'RenderParameters'.
src/pages/Step04Reception.tsx(26,50): error TS2345: Argument of type '{ useReceptionDesk: false; verificationMethod: never[]; maskResidentNumber: true; allowUnpaidTicket: false; unpaidMemo: string; autoRegistrationConditions: string; manualCheckConditions: string; exceptionMemo: string; }' is not assignable to parameter of type 'WorkflowSettings | (() => WorkflowSettings)'.
  Type '{ useReceptionDesk: false; verificationMethod: never[]; maskResidentNumber: true; allowUnpaidTicket: false; unpaidMemo: string; autoRegistrationConditions: string; manualCheckConditions: string; exceptionMemo: string; }' is missing the following properties from type 'WorkflowSettings': useAutoRegistration, exceptions
